(a_0) * (a_0) =?= a
_1 = (1 - a_0) * (a_0)
out = (1) * (_1)
