(a_0) * (a_0) =?= a
_1 = (a_0) * (a_0)
out = (1) * (2 * a_0 - 2 * _1)
