(d_3) * (d_3) =?= d
(c_2) * (c_2) =?= c
(b_1) * (b_1) =?= b
(a_0) * (a_0) =?= a
_4 = (a_0) * (b_1)
_5 = (_4) * (- c_2 + d_3)
out = (1) * (d_3 - _5)
