(e_4) * (e_4) =?= e
(d_3) * (d_3) =?= d
(c_2) * (c_2) =?= c
(b_1) * (b_1) =?= b
(a_0) * (a_0) =?= a
_5 = (a_0) * (- b_1 + c_2)
_6 = (c_2 - _5) * (- d_3 + e_4)
out = (1) * (e_4 - _6)
