(c_2) * (c_2) =?= c
(b_1) * (b_1) =?= b
(a_0) * (a_0) =?= a
_3 = (b_1) * (- a_0 + c_2)
_4 = (b_1) * (a_0 - c_2)
_5 = (b_1) * (a_0 - c_2 + _3 - _4)
out = (1) * (a_0 - _4 - _5)
