(c_2) * (c_2) =?= c
(b_1) * (b_1) =?= b
(a_0) * (a_0) =?= a
_3 = (a_0) * (- b_1 + c_2)
out = (1) * (c_2 - _3)
