(b_1) * (b_1) =?= b
(a_0) * (a_0) =?= a
_2 = (a_0) * (b_1)
out = (1) * (1 - _2)
