(b_1) * (b_1) =?= b
(a_0) * (a_0) =?= a
_2 = (1 - a_0) * (1 - b_1)
out = (1) * (2 - a_0 - b_1 - _2)
